MPLINK 5.09, LINKER
Linker Map File - Created Thu Feb 23 13:47:06 2023

                                 Section Info
                  Section       Type    Address   Location Size(Bytes)
                ---------  ---------  ---------  ---------  ---------
                   .org_0       code   0x000000    program   0x000004
                   .cinit    romdata   0x000004    program   0x000002
                   .org_1       code   0x000008    program   0x000004
                   .org_2       code   0x000018    program   0x00070e
.config_300001_BUILD/DEFAULT/PRODUCTION/NEWPIC_    romdata   0x300001    program   0x000001
.config_300003_BUILD/DEFAULT/PRODUCTION/NEWPIC_    romdata   0x300003    program   0x000001
.config_300005_BUILD/DEFAULT/PRODUCTION/NEWPIC_    romdata   0x300005    program   0x000001



                              Program Memory Usage 
                               Start         End      
                           ---------   ---------      
                            0x000000    0x000005      
                            0x000008    0x00000b      
                            0x000018    0x000725      
                            0x300001    0x300001      
                            0x300003    0x300003      
                            0x300005    0x300005      
            1819 out of 8472 program addresses used, program memory utilization is 21%



                              Symbols - Sorted by Name
                     Name    Address   Location    Storage File                     
                ---------  ---------  ---------  --------- ---------                
              ASSIGNA_DIR   0x000660    program     static C:\Users\angel\OneDrive\Escritorio\Compus\S2\REPO_F1\LSShip.X\newpic_8b_general.asm
              ASSIGNA_VEL   0x000600    program     static C:\Users\angel\OneDrive\Escritorio\Compus\S2\REPO_F1\LSShip.X\newpic_8b_general.asm
       CHANGE_MANUAL_MODE   0x00016c    program     static C:\Users\angel\OneDrive\Escritorio\Compus\S2\REPO_F1\LSShip.X\newpic_8b_general.asm
    CHANGE_RECORDING_MODE   0x0001a8    program     static C:\Users\angel\OneDrive\Escritorio\Compus\S2\REPO_F1\LSShip.X\newpic_8b_general.asm
         CHANGE_TO_CRUISE   0x000162    program     static C:\Users\angel\OneDrive\Escritorio\Compus\S2\REPO_F1\LSShip.X\newpic_8b_general.asm
         CHANGE_TO_MANUAL   0x000158    program     static C:\Users\angel\OneDrive\Escritorio\Compus\S2\REPO_F1\LSShip.X\newpic_8b_general.asm
      CHANGE_TO_NO_RECORD   0x00019e    program     static C:\Users\angel\OneDrive\Escritorio\Compus\S2\REPO_F1\LSShip.X\newpic_8b_general.asm
         CHANGE_TO_RECORD   0x00018e    program     static C:\Users\angel\OneDrive\Escritorio\Compus\S2\REPO_F1\LSShip.X\newpic_8b_general.asm
               CHECK_20ms   0x0000a2    program     static C:\Users\angel\OneDrive\Escritorio\Compus\S2\REPO_F1\LSShip.X\newpic_8b_general.asm
           CHECK_HIGH_DIR   0x000462    program     static C:\Users\angel\OneDrive\Escritorio\Compus\S2\REPO_F1\LSShip.X\newpic_8b_general.asm
           CHECK_HIGH_VEL   0x000318    program     static C:\Users\angel\OneDrive\Escritorio\Compus\S2\REPO_F1\LSShip.X\newpic_8b_general.asm
            CHECK_LOW_DIR   0x000436    program     static C:\Users\angel\OneDrive\Escritorio\Compus\S2\REPO_F1\LSShip.X\newpic_8b_general.asm
            CHECK_LOW_VEL   0x0002f6    program     static C:\Users\angel\OneDrive\Escritorio\Compus\S2\REPO_F1\LSShip.X\newpic_8b_general.asm
    CHECK_TICS_DELAY_AUTO   0x00006a    program     static C:\Users\angel\OneDrive\Escritorio\Compus\S2\REPO_F1\LSShip.X\newpic_8b_general.asm
     CHECK_TICS_DELAY_REC   0x000084    program     static C:\Users\angel\OneDrive\Escritorio\Compus\S2\REPO_F1\LSShip.X\newpic_8b_general.asm
           CHECK_TICS_MIN   0x0000e4    program     static C:\Users\angel\OneDrive\Escritorio\Compus\S2\REPO_F1\LSShip.X\newpic_8b_general.asm
           CHECK_TICS_SEG   0x000126    program     static C:\Users\angel\OneDrive\Escritorio\Compus\S2\REPO_F1\LSShip.X\newpic_8b_general.asm
               COUNT_20ms   0x0006d8    program     static C:\Users\angel\OneDrive\Escritorio\Compus\S2\REPO_F1\LSShip.X\newpic_8b_general.asm
          COUNT_PAS_SERVO   0x0006f6    program     static C:\Users\angel\OneDrive\Escritorio\Compus\S2\REPO_F1\LSShip.X\newpic_8b_general.asm
               DIR_L_HIGH   0x0004b4    program     static C:\Users\angel\OneDrive\Escritorio\Compus\S2\REPO_F1\LSShip.X\newpic_8b_general.asm
                DIR_L_LOW   0x0004fa    program     static C:\Users\angel\OneDrive\Escritorio\Compus\S2\REPO_F1\LSShip.X\newpic_8b_general.asm
                DIR_L_MAX   0x000490    program     static C:\Users\angel\OneDrive\Escritorio\Compus\S2\REPO_F1\LSShip.X\newpic_8b_general.asm
                DIR_L_MID   0x0004da    program     static C:\Users\angel\OneDrive\Escritorio\Compus\S2\REPO_F1\LSShip.X\newpic_8b_general.asm
               DIR_R_HIGH   0x00057a    program     static C:\Users\angel\OneDrive\Escritorio\Compus\S2\REPO_F1\LSShip.X\newpic_8b_general.asm
                DIR_R_LOW   0x00053c    program     static C:\Users\angel\OneDrive\Escritorio\Compus\S2\REPO_F1\LSShip.X\newpic_8b_general.asm
                DIR_R_MAX   0x000598    program     static C:\Users\angel\OneDrive\Escritorio\Compus\S2\REPO_F1\LSShip.X\newpic_8b_general.asm
                DIR_R_MID   0x00055c    program     static C:\Users\angel\OneDrive\Escritorio\Compus\S2\REPO_F1\LSShip.X\newpic_8b_general.asm
                    DIR_S   0x00051c    program     static C:\Users\angel\OneDrive\Escritorio\Compus\S2\REPO_F1\LSShip.X\newpic_8b_general.asm
               END_PASSOS   0x0000d8    program     static C:\Users\angel\OneDrive\Escritorio\Compus\S2\REPO_F1\LSShip.X\newpic_8b_general.asm
             ESPERA_DELAY   0x0005ea    program     static C:\Users\angel\OneDrive\Escritorio\Compus\S2\REPO_F1\LSShip.X\newpic_8b_general.asm
             ESPERA_FI_P0   0x00017e    program     static C:\Users\angel\OneDrive\Escritorio\Compus\S2\REPO_F1\LSShip.X\newpic_8b_general.asm
             ESPERA_FI_P1   0x0001be    program     static C:\Users\angel\OneDrive\Escritorio\Compus\S2\REPO_F1\LSShip.X\newpic_8b_general.asm
             ESPERA_FI_P2   0x0001f8    program     static C:\Users\angel\OneDrive\Escritorio\Compus\S2\REPO_F1\LSShip.X\newpic_8b_general.asm
               FINAL_RUTA   0x0005f6    program     static C:\Users\angel\OneDrive\Escritorio\Compus\S2\REPO_F1\LSShip.X\newpic_8b_general.asm
                  GO_BACK   0x00048e    program     static C:\Users\angel\OneDrive\Escritorio\Compus\S2\REPO_F1\LSShip.X\newpic_8b_general.asm
                 HIGH_RSI   0x000040    program     static C:\Users\angel\OneDrive\Escritorio\Compus\S2\REPO_F1\LSShip.X\newpic_8b_general.asm
     INITIAL_POSITION_RAM   0x000204    program     static C:\Users\angel\OneDrive\Escritorio\Compus\S2\REPO_F1\LSShip.X\newpic_8b_general.asm
                 INIT_ADC   0x00028c    program     static C:\Users\angel\OneDrive\Escritorio\Compus\S2\REPO_F1\LSShip.X\newpic_8b_general.asm
                INIT_IRQS   0x000298    program     static C:\Users\angel\OneDrive\Escritorio\Compus\S2\REPO_F1\LSShip.X\newpic_8b_general.asm
                 INIT_OSC   0x00021e    program     static C:\Users\angel\OneDrive\Escritorio\Compus\S2\REPO_F1\LSShip.X\newpic_8b_general.asm
               INIT_PORTS   0x000226    program     static C:\Users\angel\OneDrive\Escritorio\Compus\S2\REPO_F1\LSShip.X\newpic_8b_general.asm
                 INIT_TMR   0x0002a0    program     static C:\Users\angel\OneDrive\Escritorio\Compus\S2\REPO_F1\LSShip.X\newpic_8b_general.asm
                INIT_VARS   0x00024e    program     static C:\Users\angel\OneDrive\Escritorio\Compus\S2\REPO_F1\LSShip.X\newpic_8b_general.asm
                 LOAD_TMR   0x00001a    program     static C:\Users\angel\OneDrive\Escritorio\Compus\S2\REPO_F1\LSShip.X\newpic_8b_general.asm
                     LOOP   0x0002c0    program     static C:\Users\angel\OneDrive\Escritorio\Compus\S2\REPO_F1\LSShip.X\newpic_8b_general.asm
                     MAIN   0x0002a8    program     static C:\Users\angel\OneDrive\Escritorio\Compus\S2\REPO_F1\LSShip.X\newpic_8b_general.asm
            MINUTE_PASSED   0x000108    program     static C:\Users\angel\OneDrive\Escritorio\Compus\S2\REPO_F1\LSShip.X\newpic_8b_general.asm
                   NETEJA   0x000212    program     static C:\Users\angel\OneDrive\Escritorio\Compus\S2\REPO_F1\LSShip.X\newpic_8b_general.asm
               NETEJA_RAM   0x00020c    program     static C:\Users\angel\OneDrive\Escritorio\Compus\S2\REPO_F1\LSShip.X\newpic_8b_general.asm
            NEW_SERVO_PWM   0x0000b0    program     static C:\Users\angel\OneDrive\Escritorio\Compus\S2\REPO_F1\LSShip.X\newpic_8b_general.asm
               POSA_DIR_0   0x0006b2    program     static C:\Users\angel\OneDrive\Escritorio\Compus\S2\REPO_F1\LSShip.X\newpic_8b_general.asm
             POSA_VEL_N_H   0x000648    program     static C:\Users\angel\OneDrive\Escritorio\Compus\S2\REPO_F1\LSShip.X\newpic_8b_general.asm
             POSA_VEL_N_L   0x000658    program     static C:\Users\angel\OneDrive\Escritorio\Compus\S2\REPO_F1\LSShip.X\newpic_8b_general.asm
             POSA_VEL_N_M   0x000650    program     static C:\Users\angel\OneDrive\Escritorio\Compus\S2\REPO_F1\LSShip.X\newpic_8b_general.asm
        POS_INICIAL_SERVO   0x000708    program     static C:\Users\angel\OneDrive\Escritorio\Compus\S2\REPO_F1\LSShip.X\newpic_8b_general.asm
           REPRODUIR_RUTA   0x0005be    program     static C:\Users\angel\OneDrive\Escritorio\Compus\S2\REPO_F1\LSShip.X\newpic_8b_general.asm
         RESET_TICS_ALARM   0x00003a    program     static C:\Users\angel\OneDrive\Escritorio\Compus\S2\REPO_F1\LSShip.X\newpic_8b_general.asm
         RESET_TICS_DELAY   0x00002c    program     static C:\Users\angel\OneDrive\Escritorio\Compus\S2\REPO_F1\LSShip.X\newpic_8b_general.asm
           RESET_TICS_MIN   0x000024    program     static C:\Users\angel\OneDrive\Escritorio\Compus\S2\REPO_F1\LSShip.X\newpic_8b_general.asm
           RESET_TICS_SEG   0x000032    program     static C:\Users\angel\OneDrive\Escritorio\Compus\S2\REPO_F1\LSShip.X\newpic_8b_general.asm
                 RGB_BLUE   0x0006c8    program     static C:\Users\angel\OneDrive\Escritorio\Compus\S2\REPO_F1\LSShip.X\newpic_8b_general.asm
                RGB_GREEN   0x0006c0    program     static C:\Users\angel\OneDrive\Escritorio\Compus\S2\REPO_F1\LSShip.X\newpic_8b_general.asm
                  RGB_RED   0x0006b8    program     static C:\Users\angel\OneDrive\Escritorio\Compus\S2\REPO_F1\LSShip.X\newpic_8b_general.asm
                RGB_WHITE   0x0006d0    program     static C:\Users\angel\OneDrive\Escritorio\Compus\S2\REPO_F1\LSShip.X\newpic_8b_general.asm
              SAVE_PARAMS   0x0001d0    program     static C:\Users\angel\OneDrive\Escritorio\Compus\S2\REPO_F1\LSShip.X\newpic_8b_general.asm
           TAKE_DIRECTION   0x000422    program     static C:\Users\angel\OneDrive\Escritorio\Compus\S2\REPO_F1\LSShip.X\newpic_8b_general.asm
                T_INICIAL   0x000710    program     static C:\Users\angel\OneDrive\Escritorio\Compus\S2\REPO_F1\LSShip.X\newpic_8b_general.asm
                    T_PAS   0x0006fe    program     static C:\Users\angel\OneDrive\Escritorio\Compus\S2\REPO_F1\LSShip.X\newpic_8b_general.asm
                 T_PASSOS   0x0000cc    program     static C:\Users\angel\OneDrive\Escritorio\Compus\S2\REPO_F1\LSShip.X\newpic_8b_general.asm
                 T_REBOTS   0x0006e0    program     static C:\Users\angel\OneDrive\Escritorio\Compus\S2\REPO_F1\LSShip.X\newpic_8b_general.asm
             UPDATE_SPEED   0x00014a    program     static C:\Users\angel\OneDrive\Escritorio\Compus\S2\REPO_F1\LSShip.X\newpic_8b_general.asm
                    VEL_0   0x0003a2    program     static C:\Users\angel\OneDrive\Escritorio\Compus\S2\REPO_F1\LSShip.X\newpic_8b_general.asm
               VEL_N_HIGH   0x000336    program     static C:\Users\angel\OneDrive\Escritorio\Compus\S2\REPO_F1\LSShip.X\newpic_8b_general.asm
                VEL_N_LOW   0x000380    program     static C:\Users\angel\OneDrive\Escritorio\Compus\S2\REPO_F1\LSShip.X\newpic_8b_general.asm
                VEL_N_MID   0x00035e    program     static C:\Users\angel\OneDrive\Escritorio\Compus\S2\REPO_F1\LSShip.X\newpic_8b_general.asm
               VEL_P_HIGH   0x000402    program     static C:\Users\angel\OneDrive\Escritorio\Compus\S2\REPO_F1\LSShip.X\newpic_8b_general.asm
                VEL_P_LOW   0x0003c2    program     static C:\Users\angel\OneDrive\Escritorio\Compus\S2\REPO_F1\LSShip.X\newpic_8b_general.asm
                VEL_P_MID   0x0003e2    program     static C:\Users\angel\OneDrive\Escritorio\Compus\S2\REPO_F1\LSShip.X\newpic_8b_general.asm
                 WAIT_ADC   0x0005b6    program     static C:\Users\angel\OneDrive\Escritorio\Compus\S2\REPO_F1\LSShip.X\newpic_8b_general.asm
              WAIT_GO_ADC   0x0005b4    program     static C:\Users\angel\OneDrive\Escritorio\Compus\S2\REPO_F1\LSShip.X\newpic_8b_general.asm



                              Symbols - Sorted by Address
                     Name    Address   Location    Storage File                     
                ---------  ---------  ---------  --------- ---------                
                 LOAD_TMR   0x00001a    program     static C:\Users\angel\OneDrive\Escritorio\Compus\S2\REPO_F1\LSShip.X\newpic_8b_general.asm
           RESET_TICS_MIN   0x000024    program     static C:\Users\angel\OneDrive\Escritorio\Compus\S2\REPO_F1\LSShip.X\newpic_8b_general.asm
         RESET_TICS_DELAY   0x00002c    program     static C:\Users\angel\OneDrive\Escritorio\Compus\S2\REPO_F1\LSShip.X\newpic_8b_general.asm
           RESET_TICS_SEG   0x000032    program     static C:\Users\angel\OneDrive\Escritorio\Compus\S2\REPO_F1\LSShip.X\newpic_8b_general.asm
         RESET_TICS_ALARM   0x00003a    program     static C:\Users\angel\OneDrive\Escritorio\Compus\S2\REPO_F1\LSShip.X\newpic_8b_general.asm
                 HIGH_RSI   0x000040    program     static C:\Users\angel\OneDrive\Escritorio\Compus\S2\REPO_F1\LSShip.X\newpic_8b_general.asm
    CHECK_TICS_DELAY_AUTO   0x00006a    program     static C:\Users\angel\OneDrive\Escritorio\Compus\S2\REPO_F1\LSShip.X\newpic_8b_general.asm
     CHECK_TICS_DELAY_REC   0x000084    program     static C:\Users\angel\OneDrive\Escritorio\Compus\S2\REPO_F1\LSShip.X\newpic_8b_general.asm
               CHECK_20ms   0x0000a2    program     static C:\Users\angel\OneDrive\Escritorio\Compus\S2\REPO_F1\LSShip.X\newpic_8b_general.asm
            NEW_SERVO_PWM   0x0000b0    program     static C:\Users\angel\OneDrive\Escritorio\Compus\S2\REPO_F1\LSShip.X\newpic_8b_general.asm
                 T_PASSOS   0x0000cc    program     static C:\Users\angel\OneDrive\Escritorio\Compus\S2\REPO_F1\LSShip.X\newpic_8b_general.asm
               END_PASSOS   0x0000d8    program     static C:\Users\angel\OneDrive\Escritorio\Compus\S2\REPO_F1\LSShip.X\newpic_8b_general.asm
           CHECK_TICS_MIN   0x0000e4    program     static C:\Users\angel\OneDrive\Escritorio\Compus\S2\REPO_F1\LSShip.X\newpic_8b_general.asm
            MINUTE_PASSED   0x000108    program     static C:\Users\angel\OneDrive\Escritorio\Compus\S2\REPO_F1\LSShip.X\newpic_8b_general.asm
           CHECK_TICS_SEG   0x000126    program     static C:\Users\angel\OneDrive\Escritorio\Compus\S2\REPO_F1\LSShip.X\newpic_8b_general.asm
             UPDATE_SPEED   0x00014a    program     static C:\Users\angel\OneDrive\Escritorio\Compus\S2\REPO_F1\LSShip.X\newpic_8b_general.asm
         CHANGE_TO_MANUAL   0x000158    program     static C:\Users\angel\OneDrive\Escritorio\Compus\S2\REPO_F1\LSShip.X\newpic_8b_general.asm
         CHANGE_TO_CRUISE   0x000162    program     static C:\Users\angel\OneDrive\Escritorio\Compus\S2\REPO_F1\LSShip.X\newpic_8b_general.asm
       CHANGE_MANUAL_MODE   0x00016c    program     static C:\Users\angel\OneDrive\Escritorio\Compus\S2\REPO_F1\LSShip.X\newpic_8b_general.asm
             ESPERA_FI_P0   0x00017e    program     static C:\Users\angel\OneDrive\Escritorio\Compus\S2\REPO_F1\LSShip.X\newpic_8b_general.asm
         CHANGE_TO_RECORD   0x00018e    program     static C:\Users\angel\OneDrive\Escritorio\Compus\S2\REPO_F1\LSShip.X\newpic_8b_general.asm
      CHANGE_TO_NO_RECORD   0x00019e    program     static C:\Users\angel\OneDrive\Escritorio\Compus\S2\REPO_F1\LSShip.X\newpic_8b_general.asm
    CHANGE_RECORDING_MODE   0x0001a8    program     static C:\Users\angel\OneDrive\Escritorio\Compus\S2\REPO_F1\LSShip.X\newpic_8b_general.asm
             ESPERA_FI_P1   0x0001be    program     static C:\Users\angel\OneDrive\Escritorio\Compus\S2\REPO_F1\LSShip.X\newpic_8b_general.asm
              SAVE_PARAMS   0x0001d0    program     static C:\Users\angel\OneDrive\Escritorio\Compus\S2\REPO_F1\LSShip.X\newpic_8b_general.asm
             ESPERA_FI_P2   0x0001f8    program     static C:\Users\angel\OneDrive\Escritorio\Compus\S2\REPO_F1\LSShip.X\newpic_8b_general.asm
     INITIAL_POSITION_RAM   0x000204    program     static C:\Users\angel\OneDrive\Escritorio\Compus\S2\REPO_F1\LSShip.X\newpic_8b_general.asm
               NETEJA_RAM   0x00020c    program     static C:\Users\angel\OneDrive\Escritorio\Compus\S2\REPO_F1\LSShip.X\newpic_8b_general.asm
                   NETEJA   0x000212    program     static C:\Users\angel\OneDrive\Escritorio\Compus\S2\REPO_F1\LSShip.X\newpic_8b_general.asm
                 INIT_OSC   0x00021e    program     static C:\Users\angel\OneDrive\Escritorio\Compus\S2\REPO_F1\LSShip.X\newpic_8b_general.asm
               INIT_PORTS   0x000226    program     static C:\Users\angel\OneDrive\Escritorio\Compus\S2\REPO_F1\LSShip.X\newpic_8b_general.asm
                INIT_VARS   0x00024e    program     static C:\Users\angel\OneDrive\Escritorio\Compus\S2\REPO_F1\LSShip.X\newpic_8b_general.asm
                 INIT_ADC   0x00028c    program     static C:\Users\angel\OneDrive\Escritorio\Compus\S2\REPO_F1\LSShip.X\newpic_8b_general.asm
                INIT_IRQS   0x000298    program     static C:\Users\angel\OneDrive\Escritorio\Compus\S2\REPO_F1\LSShip.X\newpic_8b_general.asm
                 INIT_TMR   0x0002a0    program     static C:\Users\angel\OneDrive\Escritorio\Compus\S2\REPO_F1\LSShip.X\newpic_8b_general.asm
                     MAIN   0x0002a8    program     static C:\Users\angel\OneDrive\Escritorio\Compus\S2\REPO_F1\LSShip.X\newpic_8b_general.asm
                     LOOP   0x0002c0    program     static C:\Users\angel\OneDrive\Escritorio\Compus\S2\REPO_F1\LSShip.X\newpic_8b_general.asm
            CHECK_LOW_VEL   0x0002f6    program     static C:\Users\angel\OneDrive\Escritorio\Compus\S2\REPO_F1\LSShip.X\newpic_8b_general.asm
           CHECK_HIGH_VEL   0x000318    program     static C:\Users\angel\OneDrive\Escritorio\Compus\S2\REPO_F1\LSShip.X\newpic_8b_general.asm
               VEL_N_HIGH   0x000336    program     static C:\Users\angel\OneDrive\Escritorio\Compus\S2\REPO_F1\LSShip.X\newpic_8b_general.asm
                VEL_N_MID   0x00035e    program     static C:\Users\angel\OneDrive\Escritorio\Compus\S2\REPO_F1\LSShip.X\newpic_8b_general.asm
                VEL_N_LOW   0x000380    program     static C:\Users\angel\OneDrive\Escritorio\Compus\S2\REPO_F1\LSShip.X\newpic_8b_general.asm
                    VEL_0   0x0003a2    program     static C:\Users\angel\OneDrive\Escritorio\Compus\S2\REPO_F1\LSShip.X\newpic_8b_general.asm
                VEL_P_LOW   0x0003c2    program     static C:\Users\angel\OneDrive\Escritorio\Compus\S2\REPO_F1\LSShip.X\newpic_8b_general.asm
                VEL_P_MID   0x0003e2    program     static C:\Users\angel\OneDrive\Escritorio\Compus\S2\REPO_F1\LSShip.X\newpic_8b_general.asm
               VEL_P_HIGH   0x000402    program     static C:\Users\angel\OneDrive\Escritorio\Compus\S2\REPO_F1\LSShip.X\newpic_8b_general.asm
           TAKE_DIRECTION   0x000422    program     static C:\Users\angel\OneDrive\Escritorio\Compus\S2\REPO_F1\LSShip.X\newpic_8b_general.asm
            CHECK_LOW_DIR   0x000436    program     static C:\Users\angel\OneDrive\Escritorio\Compus\S2\REPO_F1\LSShip.X\newpic_8b_general.asm
           CHECK_HIGH_DIR   0x000462    program     static C:\Users\angel\OneDrive\Escritorio\Compus\S2\REPO_F1\LSShip.X\newpic_8b_general.asm
                  GO_BACK   0x00048e    program     static C:\Users\angel\OneDrive\Escritorio\Compus\S2\REPO_F1\LSShip.X\newpic_8b_general.asm
                DIR_L_MAX   0x000490    program     static C:\Users\angel\OneDrive\Escritorio\Compus\S2\REPO_F1\LSShip.X\newpic_8b_general.asm
               DIR_L_HIGH   0x0004b4    program     static C:\Users\angel\OneDrive\Escritorio\Compus\S2\REPO_F1\LSShip.X\newpic_8b_general.asm
                DIR_L_MID   0x0004da    program     static C:\Users\angel\OneDrive\Escritorio\Compus\S2\REPO_F1\LSShip.X\newpic_8b_general.asm
                DIR_L_LOW   0x0004fa    program     static C:\Users\angel\OneDrive\Escritorio\Compus\S2\REPO_F1\LSShip.X\newpic_8b_general.asm
                    DIR_S   0x00051c    program     static C:\Users\angel\OneDrive\Escritorio\Compus\S2\REPO_F1\LSShip.X\newpic_8b_general.asm
                DIR_R_LOW   0x00053c    program     static C:\Users\angel\OneDrive\Escritorio\Compus\S2\REPO_F1\LSShip.X\newpic_8b_general.asm
                DIR_R_MID   0x00055c    program     static C:\Users\angel\OneDrive\Escritorio\Compus\S2\REPO_F1\LSShip.X\newpic_8b_general.asm
               DIR_R_HIGH   0x00057a    program     static C:\Users\angel\OneDrive\Escritorio\Compus\S2\REPO_F1\LSShip.X\newpic_8b_general.asm
                DIR_R_MAX   0x000598    program     static C:\Users\angel\OneDrive\Escritorio\Compus\S2\REPO_F1\LSShip.X\newpic_8b_general.asm
              WAIT_GO_ADC   0x0005b4    program     static C:\Users\angel\OneDrive\Escritorio\Compus\S2\REPO_F1\LSShip.X\newpic_8b_general.asm
                 WAIT_ADC   0x0005b6    program     static C:\Users\angel\OneDrive\Escritorio\Compus\S2\REPO_F1\LSShip.X\newpic_8b_general.asm
           REPRODUIR_RUTA   0x0005be    program     static C:\Users\angel\OneDrive\Escritorio\Compus\S2\REPO_F1\LSShip.X\newpic_8b_general.asm
             ESPERA_DELAY   0x0005ea    program     static C:\Users\angel\OneDrive\Escritorio\Compus\S2\REPO_F1\LSShip.X\newpic_8b_general.asm
               FINAL_RUTA   0x0005f6    program     static C:\Users\angel\OneDrive\Escritorio\Compus\S2\REPO_F1\LSShip.X\newpic_8b_general.asm
              ASSIGNA_VEL   0x000600    program     static C:\Users\angel\OneDrive\Escritorio\Compus\S2\REPO_F1\LSShip.X\newpic_8b_general.asm
             POSA_VEL_N_H   0x000648    program     static C:\Users\angel\OneDrive\Escritorio\Compus\S2\REPO_F1\LSShip.X\newpic_8b_general.asm
             POSA_VEL_N_M   0x000650    program     static C:\Users\angel\OneDrive\Escritorio\Compus\S2\REPO_F1\LSShip.X\newpic_8b_general.asm
             POSA_VEL_N_L   0x000658    program     static C:\Users\angel\OneDrive\Escritorio\Compus\S2\REPO_F1\LSShip.X\newpic_8b_general.asm
              ASSIGNA_DIR   0x000660    program     static C:\Users\angel\OneDrive\Escritorio\Compus\S2\REPO_F1\LSShip.X\newpic_8b_general.asm
               POSA_DIR_0   0x0006b2    program     static C:\Users\angel\OneDrive\Escritorio\Compus\S2\REPO_F1\LSShip.X\newpic_8b_general.asm
                  RGB_RED   0x0006b8    program     static C:\Users\angel\OneDrive\Escritorio\Compus\S2\REPO_F1\LSShip.X\newpic_8b_general.asm
                RGB_GREEN   0x0006c0    program     static C:\Users\angel\OneDrive\Escritorio\Compus\S2\REPO_F1\LSShip.X\newpic_8b_general.asm
                 RGB_BLUE   0x0006c8    program     static C:\Users\angel\OneDrive\Escritorio\Compus\S2\REPO_F1\LSShip.X\newpic_8b_general.asm
                RGB_WHITE   0x0006d0    program     static C:\Users\angel\OneDrive\Escritorio\Compus\S2\REPO_F1\LSShip.X\newpic_8b_general.asm
               COUNT_20ms   0x0006d8    program     static C:\Users\angel\OneDrive\Escritorio\Compus\S2\REPO_F1\LSShip.X\newpic_8b_general.asm
                 T_REBOTS   0x0006e0    program     static C:\Users\angel\OneDrive\Escritorio\Compus\S2\REPO_F1\LSShip.X\newpic_8b_general.asm
          COUNT_PAS_SERVO   0x0006f6    program     static C:\Users\angel\OneDrive\Escritorio\Compus\S2\REPO_F1\LSShip.X\newpic_8b_general.asm
                    T_PAS   0x0006fe    program     static C:\Users\angel\OneDrive\Escritorio\Compus\S2\REPO_F1\LSShip.X\newpic_8b_general.asm
        POS_INICIAL_SERVO   0x000708    program     static C:\Users\angel\OneDrive\Escritorio\Compus\S2\REPO_F1\LSShip.X\newpic_8b_general.asm
                T_INICIAL   0x000710    program     static C:\Users\angel\OneDrive\Escritorio\Compus\S2\REPO_F1\LSShip.X\newpic_8b_general.asm


