MPLINK 5.09, LINKER
Linker Map File - Created Tue Feb 28 15:08:52 2023

                                 Section Info
                  Section       Type    Address   Location Size(Bytes)
                ---------  ---------  ---------  ---------  ---------
                   .org_0       code   0x000000    program   0x000004
                   .cinit    romdata   0x000004    program   0x000002
                   .org_1       code   0x000008    program   0x000004
                   .org_2       code   0x000018    program   0x0008bc
.config_300001_BUILD/DEFAULT/PRODUCTION/NEWPIC_    romdata   0x300001    program   0x000001
.config_300003_BUILD/DEFAULT/PRODUCTION/NEWPIC_    romdata   0x300003    program   0x000001
.config_300005_BUILD/DEFAULT/PRODUCTION/NEWPIC_    romdata   0x300005    program   0x000001



                              Program Memory Usage 
                               Start         End      
                           ---------   ---------      
                            0x000000    0x000005      
                            0x000008    0x00000b      
                            0x000018    0x0008d3      
                            0x300001    0x300001      
                            0x300003    0x300003      
                            0x300005    0x300005      
            2249 out of 8472 program addresses used, program memory utilization is 26%



                              Symbols - Sorted by Name
                     Name    Address   Location    Storage File                     
                ---------  ---------  ---------  --------- ---------                
           ACTIVA_PORT_DC   0x000130    program     static C:\Users\angel\OneDrive\Escritorio\Compus\S2\REPO_F1\LSShip.X\newpic_8b_general.asm
               ACTIVA_RB6   0x00013e    program     static C:\Users\angel\OneDrive\Escritorio\Compus\S2\REPO_F1\LSShip.X\newpic_8b_general.asm
               ACTIVA_RB7   0x000144    program     static C:\Users\angel\OneDrive\Escritorio\Compus\S2\REPO_F1\LSShip.X\newpic_8b_general.asm
              ASSIGNA_DIR   0x0007f6    program     static C:\Users\angel\OneDrive\Escritorio\Compus\S2\REPO_F1\LSShip.X\newpic_8b_general.asm
              ASSIGNA_VEL   0x000768    program     static C:\Users\angel\OneDrive\Escritorio\Compus\S2\REPO_F1\LSShip.X\newpic_8b_general.asm
           ASSIGN_PWM_VEL   0x0000c2    program     static C:\Users\angel\OneDrive\Escritorio\Compus\S2\REPO_F1\LSShip.X\newpic_8b_general.asm
       CHANGE_MANUAL_MODE   0x000240    program     static C:\Users\angel\OneDrive\Escritorio\Compus\S2\REPO_F1\LSShip.X\newpic_8b_general.asm
    CHANGE_RECORDING_MODE   0x00029a    program     static C:\Users\angel\OneDrive\Escritorio\Compus\S2\REPO_F1\LSShip.X\newpic_8b_general.asm
         CHANGE_TO_CRUISE   0x000236    program     static C:\Users\angel\OneDrive\Escritorio\Compus\S2\REPO_F1\LSShip.X\newpic_8b_general.asm
         CHANGE_TO_MANUAL   0x00022c    program     static C:\Users\angel\OneDrive\Escritorio\Compus\S2\REPO_F1\LSShip.X\newpic_8b_general.asm
      CHANGE_TO_NO_RECORD   0x000284    program     static C:\Users\angel\OneDrive\Escritorio\Compus\S2\REPO_F1\LSShip.X\newpic_8b_general.asm
         CHANGE_TO_RECORD   0x00026c    program     static C:\Users\angel\OneDrive\Escritorio\Compus\S2\REPO_F1\LSShip.X\newpic_8b_general.asm
               CHECK_20ms   0x000180    program     static C:\Users\angel\OneDrive\Escritorio\Compus\S2\REPO_F1\LSShip.X\newpic_8b_general.asm
           CHECK_HIGH_DIR   0x0005ba    program     static C:\Users\angel\OneDrive\Escritorio\Compus\S2\REPO_F1\LSShip.X\newpic_8b_general.asm
           CHECK_HIGH_VEL   0x00046c    program     static C:\Users\angel\OneDrive\Escritorio\Compus\S2\REPO_F1\LSShip.X\newpic_8b_general.asm
            CHECK_LOW_DIR   0x00058e    program     static C:\Users\angel\OneDrive\Escritorio\Compus\S2\REPO_F1\LSShip.X\newpic_8b_general.asm
            CHECK_LOW_VEL   0x00044a    program     static C:\Users\angel\OneDrive\Escritorio\Compus\S2\REPO_F1\LSShip.X\newpic_8b_general.asm
             CHECK_PWM_DC   0x0000b0    program     static C:\Users\angel\OneDrive\Escritorio\Compus\S2\REPO_F1\LSShip.X\newpic_8b_general.asm
    CHECK_TICS_DELAY_AUTO   0x00006e    program     static C:\Users\angel\OneDrive\Escritorio\Compus\S2\REPO_F1\LSShip.X\newpic_8b_general.asm
     CHECK_TICS_DELAY_REC   0x000088    program     static C:\Users\angel\OneDrive\Escritorio\Compus\S2\REPO_F1\LSShip.X\newpic_8b_general.asm
           CHECK_TICS_MIN   0x0001b6    program     static C:\Users\angel\OneDrive\Escritorio\Compus\S2\REPO_F1\LSShip.X\newpic_8b_general.asm
           CHECK_TICS_SEG   0x0001fc    program     static C:\Users\angel\OneDrive\Escritorio\Compus\S2\REPO_F1\LSShip.X\newpic_8b_general.asm
            CLEAN_LED_BAR   0x00086c    program     static C:\Users\angel\OneDrive\Escritorio\Compus\S2\REPO_F1\LSShip.X\newpic_8b_general.asm
            CONTINUE_RUTA   0x000722    program     static C:\Users\angel\OneDrive\Escritorio\Compus\S2\REPO_F1\LSShip.X\newpic_8b_general.asm
             CONTINUE_VEL   0x0000b4    program     static C:\Users\angel\OneDrive\Escritorio\Compus\S2\REPO_F1\LSShip.X\newpic_8b_general.asm
               COUNT_20ms   0x000874    program     static C:\Users\angel\OneDrive\Escritorio\Compus\S2\REPO_F1\LSShip.X\newpic_8b_general.asm
     COUNT_CHANGE_CHANNEL   0x0008c2    program     static C:\Users\angel\OneDrive\Escritorio\Compus\S2\REPO_F1\LSShip.X\newpic_8b_general.asm
          COUNT_PAS_SERVO   0x000892    program     static C:\Users\angel\OneDrive\Escritorio\Compus\S2\REPO_F1\LSShip.X\newpic_8b_general.asm
        DESACTIVA_PORT_DC   0x00014a    program     static C:\Users\angel\OneDrive\Escritorio\Compus\S2\REPO_F1\LSShip.X\newpic_8b_general.asm
               DIR_L_HIGH   0x00060e    program     static C:\Users\angel\OneDrive\Escritorio\Compus\S2\REPO_F1\LSShip.X\newpic_8b_general.asm
                DIR_L_LOW   0x000654    program     static C:\Users\angel\OneDrive\Escritorio\Compus\S2\REPO_F1\LSShip.X\newpic_8b_general.asm
                DIR_L_MAX   0x0005e8    program     static C:\Users\angel\OneDrive\Escritorio\Compus\S2\REPO_F1\LSShip.X\newpic_8b_general.asm
                DIR_L_MID   0x000634    program     static C:\Users\angel\OneDrive\Escritorio\Compus\S2\REPO_F1\LSShip.X\newpic_8b_general.asm
               DIR_R_HIGH   0x0006d0    program     static C:\Users\angel\OneDrive\Escritorio\Compus\S2\REPO_F1\LSShip.X\newpic_8b_general.asm
                DIR_R_LOW   0x000694    program     static C:\Users\angel\OneDrive\Escritorio\Compus\S2\REPO_F1\LSShip.X\newpic_8b_general.asm
                DIR_R_MAX   0x0006ee    program     static C:\Users\angel\OneDrive\Escritorio\Compus\S2\REPO_F1\LSShip.X\newpic_8b_general.asm
                DIR_R_MID   0x0006b2    program     static C:\Users\angel\OneDrive\Escritorio\Compus\S2\REPO_F1\LSShip.X\newpic_8b_general.asm
                    DIR_S   0x000674    program     static C:\Users\angel\OneDrive\Escritorio\Compus\S2\REPO_F1\LSShip.X\newpic_8b_general.asm
               END_PASSOS   0x0001b0    program     static C:\Users\angel\OneDrive\Escritorio\Compus\S2\REPO_F1\LSShip.X\newpic_8b_general.asm
             ESPERA_DELAY   0x00074a    program     static C:\Users\angel\OneDrive\Escritorio\Compus\S2\REPO_F1\LSShip.X\newpic_8b_general.asm
             ESPERA_FI_P0   0x00025c    program     static C:\Users\angel\OneDrive\Escritorio\Compus\S2\REPO_F1\LSShip.X\newpic_8b_general.asm
             ESPERA_FI_P1   0x0002b2    program     static C:\Users\angel\OneDrive\Escritorio\Compus\S2\REPO_F1\LSShip.X\newpic_8b_general.asm
             ESPERA_FI_P2   0x00031a    program     static C:\Users\angel\OneDrive\Escritorio\Compus\S2\REPO_F1\LSShip.X\newpic_8b_general.asm
                 FINAL_P1   0x0002ce    program     static C:\Users\angel\OneDrive\Escritorio\Compus\S2\REPO_F1\LSShip.X\newpic_8b_general.asm
               FINAL_RUTA   0x000758    program     static C:\Users\angel\OneDrive\Escritorio\Compus\S2\REPO_F1\LSShip.X\newpic_8b_general.asm
                  GO_BACK   0x0005e6    program     static C:\Users\angel\OneDrive\Escritorio\Compus\S2\REPO_F1\LSShip.X\newpic_8b_general.asm
               GO_BACK_DC   0x0000c0    program     static C:\Users\angel\OneDrive\Escritorio\Compus\S2\REPO_F1\LSShip.X\newpic_8b_general.asm
                 HIGH_RSI   0x000040    program     static C:\Users\angel\OneDrive\Escritorio\Compus\S2\REPO_F1\LSShip.X\newpic_8b_general.asm
     INITIAL_POSITION_RAM   0x000346    program     static C:\Users\angel\OneDrive\Escritorio\Compus\S2\REPO_F1\LSShip.X\newpic_8b_general.asm
                 INIT_ADC   0x0003dc    program     static C:\Users\angel\OneDrive\Escritorio\Compus\S2\REPO_F1\LSShip.X\newpic_8b_general.asm
                INIT_IRQS   0x0003e8    program     static C:\Users\angel\OneDrive\Escritorio\Compus\S2\REPO_F1\LSShip.X\newpic_8b_general.asm
                 INIT_OSC   0x000360    program     static C:\Users\angel\OneDrive\Escritorio\Compus\S2\REPO_F1\LSShip.X\newpic_8b_general.asm
               INIT_PORTS   0x000368    program     static C:\Users\angel\OneDrive\Escritorio\Compus\S2\REPO_F1\LSShip.X\newpic_8b_general.asm
                 INIT_TMR   0x0003f0    program     static C:\Users\angel\OneDrive\Escritorio\Compus\S2\REPO_F1\LSShip.X\newpic_8b_general.asm
                INIT_VARS   0x000390    program     static C:\Users\angel\OneDrive\Escritorio\Compus\S2\REPO_F1\LSShip.X\newpic_8b_general.asm
                 LOAD_TMR   0x00001a    program     static C:\Users\angel\OneDrive\Escritorio\Compus\S2\REPO_F1\LSShip.X\newpic_8b_general.asm
                     LOOP   0x000410    program     static C:\Users\angel\OneDrive\Escritorio\Compus\S2\REPO_F1\LSShip.X\newpic_8b_general.asm
                     MAIN   0x0003f8    program     static C:\Users\angel\OneDrive\Escritorio\Compus\S2\REPO_F1\LSShip.X\newpic_8b_general.asm
            MINUTE_PASSED   0x0001de    program     static C:\Users\angel\OneDrive\Escritorio\Compus\S2\REPO_F1\LSShip.X\newpic_8b_general.asm
                   NETEJA   0x000354    program     static C:\Users\angel\OneDrive\Escritorio\Compus\S2\REPO_F1\LSShip.X\newpic_8b_general.asm
               NETEJA_RAM   0x00034e    program     static C:\Users\angel\OneDrive\Escritorio\Compus\S2\REPO_F1\LSShip.X\newpic_8b_general.asm
            NEW_SERVO_PWM   0x00018e    program     static C:\Users\angel\OneDrive\Escritorio\Compus\S2\REPO_F1\LSShip.X\newpic_8b_general.asm
               POSA_DIR_0   0x000846    program     static C:\Users\angel\OneDrive\Escritorio\Compus\S2\REPO_F1\LSShip.X\newpic_8b_general.asm
               POSA_VEL_0   0x0007ce    program     static C:\Users\angel\OneDrive\Escritorio\Compus\S2\REPO_F1\LSShip.X\newpic_8b_general.asm
             POSA_VEL_N_H   0x0007b0    program     static C:\Users\angel\OneDrive\Escritorio\Compus\S2\REPO_F1\LSShip.X\newpic_8b_general.asm
             POSA_VEL_N_L   0x0007c4    program     static C:\Users\angel\OneDrive\Escritorio\Compus\S2\REPO_F1\LSShip.X\newpic_8b_general.asm
             POSA_VEL_N_M   0x0007ba    program     static C:\Users\angel\OneDrive\Escritorio\Compus\S2\REPO_F1\LSShip.X\newpic_8b_general.asm
             POSA_VEL_P_H   0x0007ec    program     static C:\Users\angel\OneDrive\Escritorio\Compus\S2\REPO_F1\LSShip.X\newpic_8b_general.asm
             POSA_VEL_P_L   0x0007d8    program     static C:\Users\angel\OneDrive\Escritorio\Compus\S2\REPO_F1\LSShip.X\newpic_8b_general.asm
             POSA_VEL_P_M   0x0007e2    program     static C:\Users\angel\OneDrive\Escritorio\Compus\S2\REPO_F1\LSShip.X\newpic_8b_general.asm
        POS_INICIAL_SERVO   0x0008a4    program     static C:\Users\angel\OneDrive\Escritorio\Compus\S2\REPO_F1\LSShip.X\newpic_8b_general.asm
                PWM_VEL_0   0x000128    program     static C:\Users\angel\OneDrive\Escritorio\Compus\S2\REPO_F1\LSShip.X\newpic_8b_general.asm
                PWM_VEL_H   0x000120    program     static C:\Users\angel\OneDrive\Escritorio\Compus\S2\REPO_F1\LSShip.X\newpic_8b_general.asm
                PWM_VEL_L   0x000108    program     static C:\Users\angel\OneDrive\Escritorio\Compus\S2\REPO_F1\LSShip.X\newpic_8b_general.asm
                PWM_VEL_M   0x000114    program     static C:\Users\angel\OneDrive\Escritorio\Compus\S2\REPO_F1\LSShip.X\newpic_8b_general.asm
           REPRODUIR_RUTA   0x000716    program     static C:\Users\angel\OneDrive\Escritorio\Compus\S2\REPO_F1\LSShip.X\newpic_8b_general.asm
         RESET_TICS_ALARM   0x00003a    program     static C:\Users\angel\OneDrive\Escritorio\Compus\S2\REPO_F1\LSShip.X\newpic_8b_general.asm
         RESET_TICS_DELAY   0x00002c    program     static C:\Users\angel\OneDrive\Escritorio\Compus\S2\REPO_F1\LSShip.X\newpic_8b_general.asm
           RESET_TICS_MIN   0x000024    program     static C:\Users\angel\OneDrive\Escritorio\Compus\S2\REPO_F1\LSShip.X\newpic_8b_general.asm
           RESET_TICS_SEG   0x000032    program     static C:\Users\angel\OneDrive\Escritorio\Compus\S2\REPO_F1\LSShip.X\newpic_8b_general.asm
             REVISA_AUTOP   0x0002d0    program     static C:\Users\angel\OneDrive\Escritorio\Compus\S2\REPO_F1\LSShip.X\newpic_8b_general.asm
                 RGB_BLUE   0x00085c    program     static C:\Users\angel\OneDrive\Escritorio\Compus\S2\REPO_F1\LSShip.X\newpic_8b_general.asm
                RGB_GREEN   0x000854    program     static C:\Users\angel\OneDrive\Escritorio\Compus\S2\REPO_F1\LSShip.X\newpic_8b_general.asm
                  RGB_RED   0x00084c    program     static C:\Users\angel\OneDrive\Escritorio\Compus\S2\REPO_F1\LSShip.X\newpic_8b_general.asm
                RGB_WHITE   0x000864    program     static C:\Users\angel\OneDrive\Escritorio\Compus\S2\REPO_F1\LSShip.X\newpic_8b_general.asm
                 SAVES_30   0x000330    program     static C:\Users\angel\OneDrive\Escritorio\Compus\S2\REPO_F1\LSShip.X\newpic_8b_general.asm
              SAVE_PARAMS   0x0002e4    program     static C:\Users\angel\OneDrive\Escritorio\Compus\S2\REPO_F1\LSShip.X\newpic_8b_general.asm
           TAKE_DIRECTION   0x000576    program     static C:\Users\angel\OneDrive\Escritorio\Compus\S2\REPO_F1\LSShip.X\newpic_8b_general.asm
            TEMPS_DC_HIGH   0x00016a    program     static C:\Users\angel\OneDrive\Escritorio\Compus\S2\REPO_F1\LSShip.X\newpic_8b_general.asm
             TEMPS_DC_LOW   0x000154    program     static C:\Users\angel\OneDrive\Escritorio\Compus\S2\REPO_F1\LSShip.X\newpic_8b_general.asm
                TIME_SAVE   0x000326    program     static C:\Users\angel\OneDrive\Escritorio\Compus\S2\REPO_F1\LSShip.X\newpic_8b_general.asm
                     T_CH   0x0008ca    program     static C:\Users\angel\OneDrive\Escritorio\Compus\S2\REPO_F1\LSShip.X\newpic_8b_general.asm
                T_INICIAL   0x0008ac    program     static C:\Users\angel\OneDrive\Escritorio\Compus\S2\REPO_F1\LSShip.X\newpic_8b_general.asm
                    T_PAS   0x00089a    program     static C:\Users\angel\OneDrive\Escritorio\Compus\S2\REPO_F1\LSShip.X\newpic_8b_general.asm
                 T_PASSOS   0x0001a4    program     static C:\Users\angel\OneDrive\Escritorio\Compus\S2\REPO_F1\LSShip.X\newpic_8b_general.asm
                 T_REBOTS   0x00087c    program     static C:\Users\angel\OneDrive\Escritorio\Compus\S2\REPO_F1\LSShip.X\newpic_8b_general.asm
             UPDATE_SPEED   0x00021e    program     static C:\Users\angel\OneDrive\Escritorio\Compus\S2\REPO_F1\LSShip.X\newpic_8b_general.asm
                    VEL_0   0x0004f6    program     static C:\Users\angel\OneDrive\Escritorio\Compus\S2\REPO_F1\LSShip.X\newpic_8b_general.asm
               VEL_N_HIGH   0x00048a    program     static C:\Users\angel\OneDrive\Escritorio\Compus\S2\REPO_F1\LSShip.X\newpic_8b_general.asm
                VEL_N_LOW   0x0004d4    program     static C:\Users\angel\OneDrive\Escritorio\Compus\S2\REPO_F1\LSShip.X\newpic_8b_general.asm
                VEL_N_MID   0x0004b2    program     static C:\Users\angel\OneDrive\Escritorio\Compus\S2\REPO_F1\LSShip.X\newpic_8b_general.asm
               VEL_P_HIGH   0x000556    program     static C:\Users\angel\OneDrive\Escritorio\Compus\S2\REPO_F1\LSShip.X\newpic_8b_general.asm
                VEL_P_LOW   0x000516    program     static C:\Users\angel\OneDrive\Escritorio\Compus\S2\REPO_F1\LSShip.X\newpic_8b_general.asm
                VEL_P_MID   0x000536    program     static C:\Users\angel\OneDrive\Escritorio\Compus\S2\REPO_F1\LSShip.X\newpic_8b_general.asm
                 WAIT_ADC   0x00070e    program     static C:\Users\angel\OneDrive\Escritorio\Compus\S2\REPO_F1\LSShip.X\newpic_8b_general.asm
              WAIT_GO_ADC   0x00070c    program     static C:\Users\angel\OneDrive\Escritorio\Compus\S2\REPO_F1\LSShip.X\newpic_8b_general.asm



                              Symbols - Sorted by Address
                     Name    Address   Location    Storage File                     
                ---------  ---------  ---------  --------- ---------                
                 LOAD_TMR   0x00001a    program     static C:\Users\angel\OneDrive\Escritorio\Compus\S2\REPO_F1\LSShip.X\newpic_8b_general.asm
           RESET_TICS_MIN   0x000024    program     static C:\Users\angel\OneDrive\Escritorio\Compus\S2\REPO_F1\LSShip.X\newpic_8b_general.asm
         RESET_TICS_DELAY   0x00002c    program     static C:\Users\angel\OneDrive\Escritorio\Compus\S2\REPO_F1\LSShip.X\newpic_8b_general.asm
           RESET_TICS_SEG   0x000032    program     static C:\Users\angel\OneDrive\Escritorio\Compus\S2\REPO_F1\LSShip.X\newpic_8b_general.asm
         RESET_TICS_ALARM   0x00003a    program     static C:\Users\angel\OneDrive\Escritorio\Compus\S2\REPO_F1\LSShip.X\newpic_8b_general.asm
                 HIGH_RSI   0x000040    program     static C:\Users\angel\OneDrive\Escritorio\Compus\S2\REPO_F1\LSShip.X\newpic_8b_general.asm
    CHECK_TICS_DELAY_AUTO   0x00006e    program     static C:\Users\angel\OneDrive\Escritorio\Compus\S2\REPO_F1\LSShip.X\newpic_8b_general.asm
     CHECK_TICS_DELAY_REC   0x000088    program     static C:\Users\angel\OneDrive\Escritorio\Compus\S2\REPO_F1\LSShip.X\newpic_8b_general.asm
             CHECK_PWM_DC   0x0000b0    program     static C:\Users\angel\OneDrive\Escritorio\Compus\S2\REPO_F1\LSShip.X\newpic_8b_general.asm
             CONTINUE_VEL   0x0000b4    program     static C:\Users\angel\OneDrive\Escritorio\Compus\S2\REPO_F1\LSShip.X\newpic_8b_general.asm
               GO_BACK_DC   0x0000c0    program     static C:\Users\angel\OneDrive\Escritorio\Compus\S2\REPO_F1\LSShip.X\newpic_8b_general.asm
           ASSIGN_PWM_VEL   0x0000c2    program     static C:\Users\angel\OneDrive\Escritorio\Compus\S2\REPO_F1\LSShip.X\newpic_8b_general.asm
                PWM_VEL_L   0x000108    program     static C:\Users\angel\OneDrive\Escritorio\Compus\S2\REPO_F1\LSShip.X\newpic_8b_general.asm
                PWM_VEL_M   0x000114    program     static C:\Users\angel\OneDrive\Escritorio\Compus\S2\REPO_F1\LSShip.X\newpic_8b_general.asm
                PWM_VEL_H   0x000120    program     static C:\Users\angel\OneDrive\Escritorio\Compus\S2\REPO_F1\LSShip.X\newpic_8b_general.asm
                PWM_VEL_0   0x000128    program     static C:\Users\angel\OneDrive\Escritorio\Compus\S2\REPO_F1\LSShip.X\newpic_8b_general.asm
           ACTIVA_PORT_DC   0x000130    program     static C:\Users\angel\OneDrive\Escritorio\Compus\S2\REPO_F1\LSShip.X\newpic_8b_general.asm
               ACTIVA_RB6   0x00013e    program     static C:\Users\angel\OneDrive\Escritorio\Compus\S2\REPO_F1\LSShip.X\newpic_8b_general.asm
               ACTIVA_RB7   0x000144    program     static C:\Users\angel\OneDrive\Escritorio\Compus\S2\REPO_F1\LSShip.X\newpic_8b_general.asm
        DESACTIVA_PORT_DC   0x00014a    program     static C:\Users\angel\OneDrive\Escritorio\Compus\S2\REPO_F1\LSShip.X\newpic_8b_general.asm
             TEMPS_DC_LOW   0x000154    program     static C:\Users\angel\OneDrive\Escritorio\Compus\S2\REPO_F1\LSShip.X\newpic_8b_general.asm
            TEMPS_DC_HIGH   0x00016a    program     static C:\Users\angel\OneDrive\Escritorio\Compus\S2\REPO_F1\LSShip.X\newpic_8b_general.asm
               CHECK_20ms   0x000180    program     static C:\Users\angel\OneDrive\Escritorio\Compus\S2\REPO_F1\LSShip.X\newpic_8b_general.asm
            NEW_SERVO_PWM   0x00018e    program     static C:\Users\angel\OneDrive\Escritorio\Compus\S2\REPO_F1\LSShip.X\newpic_8b_general.asm
                 T_PASSOS   0x0001a4    program     static C:\Users\angel\OneDrive\Escritorio\Compus\S2\REPO_F1\LSShip.X\newpic_8b_general.asm
               END_PASSOS   0x0001b0    program     static C:\Users\angel\OneDrive\Escritorio\Compus\S2\REPO_F1\LSShip.X\newpic_8b_general.asm
           CHECK_TICS_MIN   0x0001b6    program     static C:\Users\angel\OneDrive\Escritorio\Compus\S2\REPO_F1\LSShip.X\newpic_8b_general.asm
            MINUTE_PASSED   0x0001de    program     static C:\Users\angel\OneDrive\Escritorio\Compus\S2\REPO_F1\LSShip.X\newpic_8b_general.asm
           CHECK_TICS_SEG   0x0001fc    program     static C:\Users\angel\OneDrive\Escritorio\Compus\S2\REPO_F1\LSShip.X\newpic_8b_general.asm
             UPDATE_SPEED   0x00021e    program     static C:\Users\angel\OneDrive\Escritorio\Compus\S2\REPO_F1\LSShip.X\newpic_8b_general.asm
         CHANGE_TO_MANUAL   0x00022c    program     static C:\Users\angel\OneDrive\Escritorio\Compus\S2\REPO_F1\LSShip.X\newpic_8b_general.asm
         CHANGE_TO_CRUISE   0x000236    program     static C:\Users\angel\OneDrive\Escritorio\Compus\S2\REPO_F1\LSShip.X\newpic_8b_general.asm
       CHANGE_MANUAL_MODE   0x000240    program     static C:\Users\angel\OneDrive\Escritorio\Compus\S2\REPO_F1\LSShip.X\newpic_8b_general.asm
             ESPERA_FI_P0   0x00025c    program     static C:\Users\angel\OneDrive\Escritorio\Compus\S2\REPO_F1\LSShip.X\newpic_8b_general.asm
         CHANGE_TO_RECORD   0x00026c    program     static C:\Users\angel\OneDrive\Escritorio\Compus\S2\REPO_F1\LSShip.X\newpic_8b_general.asm
      CHANGE_TO_NO_RECORD   0x000284    program     static C:\Users\angel\OneDrive\Escritorio\Compus\S2\REPO_F1\LSShip.X\newpic_8b_general.asm
    CHANGE_RECORDING_MODE   0x00029a    program     static C:\Users\angel\OneDrive\Escritorio\Compus\S2\REPO_F1\LSShip.X\newpic_8b_general.asm
             ESPERA_FI_P1   0x0002b2    program     static C:\Users\angel\OneDrive\Escritorio\Compus\S2\REPO_F1\LSShip.X\newpic_8b_general.asm
                 FINAL_P1   0x0002ce    program     static C:\Users\angel\OneDrive\Escritorio\Compus\S2\REPO_F1\LSShip.X\newpic_8b_general.asm
             REVISA_AUTOP   0x0002d0    program     static C:\Users\angel\OneDrive\Escritorio\Compus\S2\REPO_F1\LSShip.X\newpic_8b_general.asm
              SAVE_PARAMS   0x0002e4    program     static C:\Users\angel\OneDrive\Escritorio\Compus\S2\REPO_F1\LSShip.X\newpic_8b_general.asm
             ESPERA_FI_P2   0x00031a    program     static C:\Users\angel\OneDrive\Escritorio\Compus\S2\REPO_F1\LSShip.X\newpic_8b_general.asm
                TIME_SAVE   0x000326    program     static C:\Users\angel\OneDrive\Escritorio\Compus\S2\REPO_F1\LSShip.X\newpic_8b_general.asm
                 SAVES_30   0x000330    program     static C:\Users\angel\OneDrive\Escritorio\Compus\S2\REPO_F1\LSShip.X\newpic_8b_general.asm
     INITIAL_POSITION_RAM   0x000346    program     static C:\Users\angel\OneDrive\Escritorio\Compus\S2\REPO_F1\LSShip.X\newpic_8b_general.asm
               NETEJA_RAM   0x00034e    program     static C:\Users\angel\OneDrive\Escritorio\Compus\S2\REPO_F1\LSShip.X\newpic_8b_general.asm
                   NETEJA   0x000354    program     static C:\Users\angel\OneDrive\Escritorio\Compus\S2\REPO_F1\LSShip.X\newpic_8b_general.asm
                 INIT_OSC   0x000360    program     static C:\Users\angel\OneDrive\Escritorio\Compus\S2\REPO_F1\LSShip.X\newpic_8b_general.asm
               INIT_PORTS   0x000368    program     static C:\Users\angel\OneDrive\Escritorio\Compus\S2\REPO_F1\LSShip.X\newpic_8b_general.asm
                INIT_VARS   0x000390    program     static C:\Users\angel\OneDrive\Escritorio\Compus\S2\REPO_F1\LSShip.X\newpic_8b_general.asm
                 INIT_ADC   0x0003dc    program     static C:\Users\angel\OneDrive\Escritorio\Compus\S2\REPO_F1\LSShip.X\newpic_8b_general.asm
                INIT_IRQS   0x0003e8    program     static C:\Users\angel\OneDrive\Escritorio\Compus\S2\REPO_F1\LSShip.X\newpic_8b_general.asm
                 INIT_TMR   0x0003f0    program     static C:\Users\angel\OneDrive\Escritorio\Compus\S2\REPO_F1\LSShip.X\newpic_8b_general.asm
                     MAIN   0x0003f8    program     static C:\Users\angel\OneDrive\Escritorio\Compus\S2\REPO_F1\LSShip.X\newpic_8b_general.asm
                     LOOP   0x000410    program     static C:\Users\angel\OneDrive\Escritorio\Compus\S2\REPO_F1\LSShip.X\newpic_8b_general.asm
            CHECK_LOW_VEL   0x00044a    program     static C:\Users\angel\OneDrive\Escritorio\Compus\S2\REPO_F1\LSShip.X\newpic_8b_general.asm
           CHECK_HIGH_VEL   0x00046c    program     static C:\Users\angel\OneDrive\Escritorio\Compus\S2\REPO_F1\LSShip.X\newpic_8b_general.asm
               VEL_N_HIGH   0x00048a    program     static C:\Users\angel\OneDrive\Escritorio\Compus\S2\REPO_F1\LSShip.X\newpic_8b_general.asm
                VEL_N_MID   0x0004b2    program     static C:\Users\angel\OneDrive\Escritorio\Compus\S2\REPO_F1\LSShip.X\newpic_8b_general.asm
                VEL_N_LOW   0x0004d4    program     static C:\Users\angel\OneDrive\Escritorio\Compus\S2\REPO_F1\LSShip.X\newpic_8b_general.asm
                    VEL_0   0x0004f6    program     static C:\Users\angel\OneDrive\Escritorio\Compus\S2\REPO_F1\LSShip.X\newpic_8b_general.asm
                VEL_P_LOW   0x000516    program     static C:\Users\angel\OneDrive\Escritorio\Compus\S2\REPO_F1\LSShip.X\newpic_8b_general.asm
                VEL_P_MID   0x000536    program     static C:\Users\angel\OneDrive\Escritorio\Compus\S2\REPO_F1\LSShip.X\newpic_8b_general.asm
               VEL_P_HIGH   0x000556    program     static C:\Users\angel\OneDrive\Escritorio\Compus\S2\REPO_F1\LSShip.X\newpic_8b_general.asm
           TAKE_DIRECTION   0x000576    program     static C:\Users\angel\OneDrive\Escritorio\Compus\S2\REPO_F1\LSShip.X\newpic_8b_general.asm
            CHECK_LOW_DIR   0x00058e    program     static C:\Users\angel\OneDrive\Escritorio\Compus\S2\REPO_F1\LSShip.X\newpic_8b_general.asm
           CHECK_HIGH_DIR   0x0005ba    program     static C:\Users\angel\OneDrive\Escritorio\Compus\S2\REPO_F1\LSShip.X\newpic_8b_general.asm
                  GO_BACK   0x0005e6    program     static C:\Users\angel\OneDrive\Escritorio\Compus\S2\REPO_F1\LSShip.X\newpic_8b_general.asm
                DIR_L_MAX   0x0005e8    program     static C:\Users\angel\OneDrive\Escritorio\Compus\S2\REPO_F1\LSShip.X\newpic_8b_general.asm
               DIR_L_HIGH   0x00060e    program     static C:\Users\angel\OneDrive\Escritorio\Compus\S2\REPO_F1\LSShip.X\newpic_8b_general.asm
                DIR_L_MID   0x000634    program     static C:\Users\angel\OneDrive\Escritorio\Compus\S2\REPO_F1\LSShip.X\newpic_8b_general.asm
                DIR_L_LOW   0x000654    program     static C:\Users\angel\OneDrive\Escritorio\Compus\S2\REPO_F1\LSShip.X\newpic_8b_general.asm
                    DIR_S   0x000674    program     static C:\Users\angel\OneDrive\Escritorio\Compus\S2\REPO_F1\LSShip.X\newpic_8b_general.asm
                DIR_R_LOW   0x000694    program     static C:\Users\angel\OneDrive\Escritorio\Compus\S2\REPO_F1\LSShip.X\newpic_8b_general.asm
                DIR_R_MID   0x0006b2    program     static C:\Users\angel\OneDrive\Escritorio\Compus\S2\REPO_F1\LSShip.X\newpic_8b_general.asm
               DIR_R_HIGH   0x0006d0    program     static C:\Users\angel\OneDrive\Escritorio\Compus\S2\REPO_F1\LSShip.X\newpic_8b_general.asm
                DIR_R_MAX   0x0006ee    program     static C:\Users\angel\OneDrive\Escritorio\Compus\S2\REPO_F1\LSShip.X\newpic_8b_general.asm
              WAIT_GO_ADC   0x00070c    program     static C:\Users\angel\OneDrive\Escritorio\Compus\S2\REPO_F1\LSShip.X\newpic_8b_general.asm
                 WAIT_ADC   0x00070e    program     static C:\Users\angel\OneDrive\Escritorio\Compus\S2\REPO_F1\LSShip.X\newpic_8b_general.asm
           REPRODUIR_RUTA   0x000716    program     static C:\Users\angel\OneDrive\Escritorio\Compus\S2\REPO_F1\LSShip.X\newpic_8b_general.asm
            CONTINUE_RUTA   0x000722    program     static C:\Users\angel\OneDrive\Escritorio\Compus\S2\REPO_F1\LSShip.X\newpic_8b_general.asm
             ESPERA_DELAY   0x00074a    program     static C:\Users\angel\OneDrive\Escritorio\Compus\S2\REPO_F1\LSShip.X\newpic_8b_general.asm
               FINAL_RUTA   0x000758    program     static C:\Users\angel\OneDrive\Escritorio\Compus\S2\REPO_F1\LSShip.X\newpic_8b_general.asm
              ASSIGNA_VEL   0x000768    program     static C:\Users\angel\OneDrive\Escritorio\Compus\S2\REPO_F1\LSShip.X\newpic_8b_general.asm
             POSA_VEL_N_H   0x0007b0    program     static C:\Users\angel\OneDrive\Escritorio\Compus\S2\REPO_F1\LSShip.X\newpic_8b_general.asm
             POSA_VEL_N_M   0x0007ba    program     static C:\Users\angel\OneDrive\Escritorio\Compus\S2\REPO_F1\LSShip.X\newpic_8b_general.asm
             POSA_VEL_N_L   0x0007c4    program     static C:\Users\angel\OneDrive\Escritorio\Compus\S2\REPO_F1\LSShip.X\newpic_8b_general.asm
               POSA_VEL_0   0x0007ce    program     static C:\Users\angel\OneDrive\Escritorio\Compus\S2\REPO_F1\LSShip.X\newpic_8b_general.asm
             POSA_VEL_P_L   0x0007d8    program     static C:\Users\angel\OneDrive\Escritorio\Compus\S2\REPO_F1\LSShip.X\newpic_8b_general.asm
             POSA_VEL_P_M   0x0007e2    program     static C:\Users\angel\OneDrive\Escritorio\Compus\S2\REPO_F1\LSShip.X\newpic_8b_general.asm
             POSA_VEL_P_H   0x0007ec    program     static C:\Users\angel\OneDrive\Escritorio\Compus\S2\REPO_F1\LSShip.X\newpic_8b_general.asm
              ASSIGNA_DIR   0x0007f6    program     static C:\Users\angel\OneDrive\Escritorio\Compus\S2\REPO_F1\LSShip.X\newpic_8b_general.asm
               POSA_DIR_0   0x000846    program     static C:\Users\angel\OneDrive\Escritorio\Compus\S2\REPO_F1\LSShip.X\newpic_8b_general.asm
                  RGB_RED   0x00084c    program     static C:\Users\angel\OneDrive\Escritorio\Compus\S2\REPO_F1\LSShip.X\newpic_8b_general.asm
                RGB_GREEN   0x000854    program     static C:\Users\angel\OneDrive\Escritorio\Compus\S2\REPO_F1\LSShip.X\newpic_8b_general.asm
                 RGB_BLUE   0x00085c    program     static C:\Users\angel\OneDrive\Escritorio\Compus\S2\REPO_F1\LSShip.X\newpic_8b_general.asm
                RGB_WHITE   0x000864    program     static C:\Users\angel\OneDrive\Escritorio\Compus\S2\REPO_F1\LSShip.X\newpic_8b_general.asm
            CLEAN_LED_BAR   0x00086c    program     static C:\Users\angel\OneDrive\Escritorio\Compus\S2\REPO_F1\LSShip.X\newpic_8b_general.asm
               COUNT_20ms   0x000874    program     static C:\Users\angel\OneDrive\Escritorio\Compus\S2\REPO_F1\LSShip.X\newpic_8b_general.asm
                 T_REBOTS   0x00087c    program     static C:\Users\angel\OneDrive\Escritorio\Compus\S2\REPO_F1\LSShip.X\newpic_8b_general.asm
          COUNT_PAS_SERVO   0x000892    program     static C:\Users\angel\OneDrive\Escritorio\Compus\S2\REPO_F1\LSShip.X\newpic_8b_general.asm
                    T_PAS   0x00089a    program     static C:\Users\angel\OneDrive\Escritorio\Compus\S2\REPO_F1\LSShip.X\newpic_8b_general.asm
        POS_INICIAL_SERVO   0x0008a4    program     static C:\Users\angel\OneDrive\Escritorio\Compus\S2\REPO_F1\LSShip.X\newpic_8b_general.asm
                T_INICIAL   0x0008ac    program     static C:\Users\angel\OneDrive\Escritorio\Compus\S2\REPO_F1\LSShip.X\newpic_8b_general.asm
     COUNT_CHANGE_CHANNEL   0x0008c2    program     static C:\Users\angel\OneDrive\Escritorio\Compus\S2\REPO_F1\LSShip.X\newpic_8b_general.asm
                     T_CH   0x0008ca    program     static C:\Users\angel\OneDrive\Escritorio\Compus\S2\REPO_F1\LSShip.X\newpic_8b_general.asm


