MPLINK 5.09, LINKER
Linker Map File - Created Tue Feb 14 17:22:34 2023

                                 Section Info
                  Section       Type    Address   Location Size(Bytes)
                ---------  ---------  ---------  ---------  ---------
                   .org_0       code   0x000000    program   0x000004
                   .cinit    romdata   0x000004    program   0x000002
                   .org_1       code   0x000008    program   0x000004
                   .org_2       code   0x000018    program   0x00015c
.config_300001_BUILD/DEFAULT/PRODUCTION/NEWPIC_    romdata   0x300001    program   0x000001
.config_300003_BUILD/DEFAULT/PRODUCTION/NEWPIC_    romdata   0x300003    program   0x000001
.config_300005_BUILD/DEFAULT/PRODUCTION/NEWPIC_    romdata   0x300005    program   0x000001



                              Program Memory Usage 
                               Start         End      
                           ---------   ---------      
                            0x000000    0x000005      
                            0x000008    0x00000b      
                            0x000018    0x000173      
                            0x300001    0x300001      
                            0x300003    0x300003      
                            0x300005    0x300005      
            361 out of 8472 program addresses used, program memory utilization is 4%



                              Symbols - Sorted by Name
                     Name    Address   Location    Storage File                     
                ---------  ---------  ---------  --------- ---------                
              CHANGE_MODE   0x00005a    program     static C:\Users\angel\OneDrive\Escritorio\Compus\S2\REPO_F1\ProvaJoystick.X\newpic_8b_general.asm
         CHANGE_TO_CRUISE   0x000052    program     static C:\Users\angel\OneDrive\Escritorio\Compus\S2\REPO_F1\ProvaJoystick.X\newpic_8b_general.asm
         CHANGE_TO_MANUAL   0x000048    program     static C:\Users\angel\OneDrive\Escritorio\Compus\S2\REPO_F1\ProvaJoystick.X\newpic_8b_general.asm
               CHECK_HIGH   0x00011e    program     static C:\Users\angel\OneDrive\Escritorio\Compus\S2\REPO_F1\ProvaJoystick.X\newpic_8b_general.asm
                CHECK_LOW   0x0000fa    program     static C:\Users\angel\OneDrive\Escritorio\Compus\S2\REPO_F1\ProvaJoystick.X\newpic_8b_general.asm
               COUNT_20ms   0x000156    program     static C:\Users\angel\OneDrive\Escritorio\Compus\S2\REPO_F1\ProvaJoystick.X\newpic_8b_general.asm
                ESPERA_FI   0x000068    program     static C:\Users\angel\OneDrive\Escritorio\Compus\S2\REPO_F1\ProvaJoystick.X\newpic_8b_general.asm
                 HIGH_RSI   0x000024    program     static C:\Users\angel\OneDrive\Escritorio\Compus\S2\REPO_F1\ProvaJoystick.X\newpic_8b_general.asm
                 INIT_ADC   0x0000a4    program     static C:\Users\angel\OneDrive\Escritorio\Compus\S2\REPO_F1\ProvaJoystick.X\newpic_8b_general.asm
                INIT_IRQS   0x0000b0    program     static C:\Users\angel\OneDrive\Escritorio\Compus\S2\REPO_F1\ProvaJoystick.X\newpic_8b_general.asm
                 INIT_OSC   0x000074    program     static C:\Users\angel\OneDrive\Escritorio\Compus\S2\REPO_F1\ProvaJoystick.X\newpic_8b_general.asm
               INIT_PORTS   0x00007c    program     static C:\Users\angel\OneDrive\Escritorio\Compus\S2\REPO_F1\ProvaJoystick.X\newpic_8b_general.asm
                 INIT_TMR   0x0000b8    program     static C:\Users\angel\OneDrive\Escritorio\Compus\S2\REPO_F1\ProvaJoystick.X\newpic_8b_general.asm
                INIT_VARS   0x000088    program     static C:\Users\angel\OneDrive\Escritorio\Compus\S2\REPO_F1\ProvaJoystick.X\newpic_8b_general.asm
                 LOAD_TMR   0x00001a    program     static C:\Users\angel\OneDrive\Escritorio\Compus\S2\REPO_F1\ProvaJoystick.X\newpic_8b_general.asm
                     LOOP   0x0000d8    program     static C:\Users\angel\OneDrive\Escritorio\Compus\S2\REPO_F1\ProvaJoystick.X\newpic_8b_general.asm
                     MAIN   0x0000c0    program     static C:\Users\angel\OneDrive\Escritorio\Compus\S2\REPO_F1\ProvaJoystick.X\newpic_8b_general.asm
                 T_REBOTS   0x00015e    program     static C:\Users\angel\OneDrive\Escritorio\Compus\S2\REPO_F1\ProvaJoystick.X\newpic_8b_general.asm
               VEL_0_7Seg   0x00014e    program     static C:\Users\angel\OneDrive\Escritorio\Compus\S2\REPO_F1\ProvaJoystick.X\newpic_8b_general.asm
            VEL_HIGH_7Seg   0x000136    program     static C:\Users\angel\OneDrive\Escritorio\Compus\S2\REPO_F1\ProvaJoystick.X\newpic_8b_general.asm
             VEL_LOW_7Seg   0x000146    program     static C:\Users\angel\OneDrive\Escritorio\Compus\S2\REPO_F1\ProvaJoystick.X\newpic_8b_general.asm
             VEL_MID_7Seg   0x00013e    program     static C:\Users\angel\OneDrive\Escritorio\Compus\S2\REPO_F1\ProvaJoystick.X\newpic_8b_general.asm
                 WAIT_ADC   0x0000e6    program     static C:\Users\angel\OneDrive\Escritorio\Compus\S2\REPO_F1\ProvaJoystick.X\newpic_8b_general.asm



                              Symbols - Sorted by Address
                     Name    Address   Location    Storage File                     
                ---------  ---------  ---------  --------- ---------                
                 LOAD_TMR   0x00001a    program     static C:\Users\angel\OneDrive\Escritorio\Compus\S2\REPO_F1\ProvaJoystick.X\newpic_8b_general.asm
                 HIGH_RSI   0x000024    program     static C:\Users\angel\OneDrive\Escritorio\Compus\S2\REPO_F1\ProvaJoystick.X\newpic_8b_general.asm
         CHANGE_TO_MANUAL   0x000048    program     static C:\Users\angel\OneDrive\Escritorio\Compus\S2\REPO_F1\ProvaJoystick.X\newpic_8b_general.asm
         CHANGE_TO_CRUISE   0x000052    program     static C:\Users\angel\OneDrive\Escritorio\Compus\S2\REPO_F1\ProvaJoystick.X\newpic_8b_general.asm
              CHANGE_MODE   0x00005a    program     static C:\Users\angel\OneDrive\Escritorio\Compus\S2\REPO_F1\ProvaJoystick.X\newpic_8b_general.asm
                ESPERA_FI   0x000068    program     static C:\Users\angel\OneDrive\Escritorio\Compus\S2\REPO_F1\ProvaJoystick.X\newpic_8b_general.asm
                 INIT_OSC   0x000074    program     static C:\Users\angel\OneDrive\Escritorio\Compus\S2\REPO_F1\ProvaJoystick.X\newpic_8b_general.asm
               INIT_PORTS   0x00007c    program     static C:\Users\angel\OneDrive\Escritorio\Compus\S2\REPO_F1\ProvaJoystick.X\newpic_8b_general.asm
                INIT_VARS   0x000088    program     static C:\Users\angel\OneDrive\Escritorio\Compus\S2\REPO_F1\ProvaJoystick.X\newpic_8b_general.asm
                 INIT_ADC   0x0000a4    program     static C:\Users\angel\OneDrive\Escritorio\Compus\S2\REPO_F1\ProvaJoystick.X\newpic_8b_general.asm
                INIT_IRQS   0x0000b0    program     static C:\Users\angel\OneDrive\Escritorio\Compus\S2\REPO_F1\ProvaJoystick.X\newpic_8b_general.asm
                 INIT_TMR   0x0000b8    program     static C:\Users\angel\OneDrive\Escritorio\Compus\S2\REPO_F1\ProvaJoystick.X\newpic_8b_general.asm
                     MAIN   0x0000c0    program     static C:\Users\angel\OneDrive\Escritorio\Compus\S2\REPO_F1\ProvaJoystick.X\newpic_8b_general.asm
                     LOOP   0x0000d8    program     static C:\Users\angel\OneDrive\Escritorio\Compus\S2\REPO_F1\ProvaJoystick.X\newpic_8b_general.asm
                 WAIT_ADC   0x0000e6    program     static C:\Users\angel\OneDrive\Escritorio\Compus\S2\REPO_F1\ProvaJoystick.X\newpic_8b_general.asm
                CHECK_LOW   0x0000fa    program     static C:\Users\angel\OneDrive\Escritorio\Compus\S2\REPO_F1\ProvaJoystick.X\newpic_8b_general.asm
               CHECK_HIGH   0x00011e    program     static C:\Users\angel\OneDrive\Escritorio\Compus\S2\REPO_F1\ProvaJoystick.X\newpic_8b_general.asm
            VEL_HIGH_7Seg   0x000136    program     static C:\Users\angel\OneDrive\Escritorio\Compus\S2\REPO_F1\ProvaJoystick.X\newpic_8b_general.asm
             VEL_MID_7Seg   0x00013e    program     static C:\Users\angel\OneDrive\Escritorio\Compus\S2\REPO_F1\ProvaJoystick.X\newpic_8b_general.asm
             VEL_LOW_7Seg   0x000146    program     static C:\Users\angel\OneDrive\Escritorio\Compus\S2\REPO_F1\ProvaJoystick.X\newpic_8b_general.asm
               VEL_0_7Seg   0x00014e    program     static C:\Users\angel\OneDrive\Escritorio\Compus\S2\REPO_F1\ProvaJoystick.X\newpic_8b_general.asm
               COUNT_20ms   0x000156    program     static C:\Users\angel\OneDrive\Escritorio\Compus\S2\REPO_F1\ProvaJoystick.X\newpic_8b_general.asm
                 T_REBOTS   0x00015e    program     static C:\Users\angel\OneDrive\Escritorio\Compus\S2\REPO_F1\ProvaJoystick.X\newpic_8b_general.asm


