MPLINK 5.09, LINKER
Linker Map File - Created Tue Feb 14 16:48:39 2023

                                 Section Info
                  Section       Type    Address   Location Size(Bytes)
                ---------  ---------  ---------  ---------  ---------
                   .org_0       code   0x000000    program   0x000004
                   .cinit    romdata   0x000004    program   0x000002
                   .org_1       code   0x000008    program   0x000002
                   .org_2       code   0x000018    program   0x000062
.config_300001_BUILD/DEFAULT/PRODUCTION/NEWPIC_    romdata   0x300001    program   0x000001
.config_300003_BUILD/DEFAULT/PRODUCTION/NEWPIC_    romdata   0x300003    program   0x000001
.config_300005_BUILD/DEFAULT/PRODUCTION/NEWPIC_    romdata   0x300005    program   0x000001



                              Program Memory Usage 
                               Start         End      
                           ---------   ---------      
                            0x000000    0x000005      
                            0x000008    0x000009      
                            0x000018    0x000079      
                            0x300001    0x300001      
                            0x300003    0x300003      
                            0x300005    0x300005      
            109 out of 8472 program addresses used, program memory utilization is 1%



                              Symbols - Sorted by Name
                     Name    Address   Location    Storage File                     
                ---------  ---------  ---------  --------- ---------                
                 DIFERENT   0x00006e    program     static C:\Users\angel\OneDrive\Escritorio\Compus\S2\REPO_F1\Lab7.X\newpic_8b_general.asm
               EsperaByte   0x000056    program     static C:\Users\angel\OneDrive\Escritorio\Compus\S2\REPO_F1\Lab7.X\newpic_8b_general.asm
              EsperaSIOTX   0x000050    program     static C:\Users\angel\OneDrive\Escritorio\Compus\S2\REPO_F1\Lab7.X\newpic_8b_general.asm
                    IGUAL   0x000074    program     static C:\Users\angel\OneDrive\Escritorio\Compus\S2\REPO_F1\Lab7.X\newpic_8b_general.asm
                   INTSIO   0x00001a    program     static C:\Users\angel\OneDrive\Escritorio\Compus\S2\REPO_F1\Lab7.X\newpic_8b_general.asm
                     LOOP   0x000042    program     static C:\Users\angel\OneDrive\Escritorio\Compus\S2\REPO_F1\Lab7.X\newpic_8b_general.asm
                     MAIN   0x000034    program     static C:\Users\angel\OneDrive\Escritorio\Compus\S2\REPO_F1\Lab7.X\newpic_8b_general.asm



                              Symbols - Sorted by Address
                     Name    Address   Location    Storage File                     
                ---------  ---------  ---------  --------- ---------                
                   INTSIO   0x00001a    program     static C:\Users\angel\OneDrive\Escritorio\Compus\S2\REPO_F1\Lab7.X\newpic_8b_general.asm
                     MAIN   0x000034    program     static C:\Users\angel\OneDrive\Escritorio\Compus\S2\REPO_F1\Lab7.X\newpic_8b_general.asm
                     LOOP   0x000042    program     static C:\Users\angel\OneDrive\Escritorio\Compus\S2\REPO_F1\Lab7.X\newpic_8b_general.asm
              EsperaSIOTX   0x000050    program     static C:\Users\angel\OneDrive\Escritorio\Compus\S2\REPO_F1\Lab7.X\newpic_8b_general.asm
               EsperaByte   0x000056    program     static C:\Users\angel\OneDrive\Escritorio\Compus\S2\REPO_F1\Lab7.X\newpic_8b_general.asm
                 DIFERENT   0x00006e    program     static C:\Users\angel\OneDrive\Escritorio\Compus\S2\REPO_F1\Lab7.X\newpic_8b_general.asm
                    IGUAL   0x000074    program     static C:\Users\angel\OneDrive\Escritorio\Compus\S2\REPO_F1\Lab7.X\newpic_8b_general.asm


